.
./.mduem
./.mduem/cache
./.mduem/cache/Makefile.variables
./.mduem/deps
./.mduem/deps/,mduem
./.mduem/deps/,mduem.log
./.mduem/deps/mduem
./.mduem/deps/mduem/LICENSE
./.mduem/deps/mduem/Makefile
./.mduem/deps/mduem/README
./.mduem/deps/mduem/test
./.mduem/deps/mduem/test/all.expected
./.mduem/deps/mduem/test/all.input
./.mduem/deps/mduem/test/build.expected
./.mduem/deps/mduem/test/build.input
./.mduem/deps/mduem/test/clean-generated.expected
./.mduem/deps/mduem/test/clean-generated.input
./.mduem/deps/mduem/test/clean-junks.expected
./.mduem/deps/mduem/test/clean-junks.input
./.mduem/deps/mduem/test/clean.expected
./.mduem/deps/mduem/test/clean.input
./.mduem/deps/mduem/test/install-filter.expected
./.mduem/deps/mduem/test/install-filter.input
./.mduem/deps/mduem/test/install-generated.expected
./.mduem/deps/mduem/test/install-generated.input
./.mduem/deps/mduem/test/install-post-vim.expected
./.mduem/deps/mduem/test/install-post-vim.input
./.mduem/deps/mduem/test/install-post.expected
./.mduem/deps/mduem/test/install-post.input
./.mduem/deps/mduem/test/install-renaming.expected
./.mduem/deps/mduem/test/install-renaming.input
./.mduem/deps/mduem/test/install-static.expected
./.mduem/deps/mduem/test/install-static.input
./Makefile
test-fetch-deps
